argv
--handoff-file
<handoff>
--prompt-file
<prompt>
--session-file
<session>
--log-path
<stream-log>
--state-file
<run-state>
--manifest-path
<outbox>/manifest.json
session
--session-id bf718c96-aa0c-c4fa-d029-3a6bbb980c63
devshell
false default
prompt
<handoff-prompt>
env
BASH_DEFAULT_TIMEOUT_MS=1800000
BASH_MAX_TIMEOUT_MS=1800000
BRANCH=agent/issue-7
CLAUDE_CODE_DISABLE_BACKGROUND_TASKS=1
PATH=<tmp>/home/.spindrift/readonly-gh-shim:$PATH
PWD=<tmp>/work
