+------------------------------------------------------------------------------+
|========================================                                      |
|  spindrift                                                                   |
|========================================                                      |
|running 1/3 · waiting 1 · held 1 · settled 1 · failed 1                       |
|⚠ image stale: rebuild needed — new launches held; press [b] to rebuild       |
|ℹ notice: a live dogfood loop (.dogfood.pid) is competing for the same queue  |
+------------------------------------------------------------------------------+
[1] Backlog [2] Running(1) [3] Held(1) [4] Settled(1) [5] Failed(1) [H/L,1-5]
  #       title                                  labels
