+- spindrift ----------------------------------------------------------------------------------------------------------------+
|running 0/0 · waiting 0 · held 0 · settled 0 · failed 0                                                                     |
+----------------------------------------------------------------------------------------------------------------------------+
[1] Backlog [2] Running(0) [3] Held(0) [4] Settled(0) [5] Failed(0) [H/L,1-5]
+--------------------------------------------------------------------------------++- activity #42 [follow] ------------------+
|  #  [labels] (1-1 of 1)                                                        ||#42 · hi                                  |
|> #1 [bug]                                                                      ||[t] cycle ·[h] list ·[x] close ·[z] ·H/L  |
|  still visible                                                                 ||                                          |
|[/] filter ·[p] pick ·[P] pick all ·[r] research ·[R] refresh                   ||                                          |
+--------------------------------------------------------------------------------++------------------------------------------+