[90m╭────────────────────────────────────────────────────────────────────────────────────────────────────────────────────────────╮[0m
[90m│[0m========================================                                                                                    [90m│[0m
[90m│[0m  spindrift                                                                                                                 [90m│[0m
[90m│[0m========================================                                                                                    [90m│[0m
[90m│[0m[34mrunning 0/0[0m · [90mwaiting 0[0m · [33mheld 0[0m · [32msettled 0[0m · [31mfailed 0[0m                                                                     [90m│[0m
[90m╰────────────────────────────────────────────────────────────────────────────────────────────────────────────────────────────╯[0m
[35m[1] Backlog[0m [90m[2] Running(0)[0m [90m[3] Held(0)[0m [90m[4] Settled(0)[0m [90m[5] Failed(0)[0m[90m [H/L,1-5][0m
[90m╭────────────────────────────────────────────────────────────────────────────────╮[0m[90m╭──────────────────────────────────────────╮[0m
[90m│[0m[90m  #  [labels][0m (1-1 of 1)                                                        [90m│[0m[90m│[0m[35mactivity #42 [follow][0m                     [90m│[0m
[90m│[0m> #1 [bug]                                                                      [90m│[0m[90m│[0m#42 · hi                                  [90m│[0m
[90m│[0m  still visible                                                                 [90m│[0m[90m│[0m[t] cycle ·[h] list ·[x] close ·[z] zoom  [90m│[0m
[90m╰────────────────────────────────────────────────────────────────────────────────╯[0m[90m╰──────────────────────────────────────────╯[0m