[0] Keys=[j down k up] Modes=[ModeList]
[1] Keys=[G] Modes=[ModeList]
[2] Keys=[g] Modes=[ModeList]
[3] Keys=[H L] Modes=[ModeList ModeSidebar]
[4] Keys=[1 2 3 4 5] Modes=[ModeList]
[5] Keys=[pgdown ctrl+f pgup ctrl+b] Modes=[ModeList]
[6] Keys=[ctrl+d ctrl+u] Modes=[ModeList]
[7] Keys=[/] Modes=[ModeList]
[8] Keys=[enter] Modes=[ModeList ModeFilterEdit]
[9] Keys=[l right h left] Modes=[ModeList]
[10] Keys=[esc] Modes=[ModeFilterEdit]
[11] Keys=[t] Modes=[ModeSidebar]
[12] Keys=[h left] Modes=[ModeSidebar]
[13] Keys=[x esc] Modes=[ModeSidebar ModeList]
[14] Keys=[j down k up pgdown ctrl+f pgup ctrl+b] Modes=[ModeSidebar]
[15] Keys=[ctrl+d ctrl+u] Modes=[ModeSidebar]
[16] Keys=[G end] Modes=[ModeSidebar]
[17] Keys=[g] Modes=[ModeSidebar]
[18] Keys=[z] Modes=[ModeSidebar]
[19] Keys=[esc] Modes=[ModeDetailModal]
[20] Keys=[j down k up] Modes=[ModeDetailModal]
[21] Keys=[pgdown ctrl+f pgup ctrl+b] Modes=[ModeDetailModal]
[22] Keys=[ctrl+d ctrl+u] Modes=[ModeDetailModal]
[23] Keys=[G] Modes=[ModeDetailModal]
[24] Keys=[g] Modes=[ModeDetailModal]
[25] Keys=[p] Modes=[ModeDetailModal]
[26] Keys=[r] Modes=[ModeDetailModal]
[27] Keys=[u] Modes=[ModeDetailModal]
[28] Keys=[p] Modes=[ModeList]
[29] Keys=[P] Modes=[ModeList]
[30] Keys=[r] Modes=[ModeList]
[31] Keys=[R] Modes=[ModeList]
[32] Keys=[u] Modes=[ModeList]
[33] Keys=[X] Modes=[ModeList]
[34] Keys=[y Y] Modes=[ModeTerminateConfirm]
[35] Keys=[A] Modes=[ModeList]
[36] Keys=[+] Modes=[ModeList]
[37] Keys=[-] Modes=[ModeList]
[38] Keys=[b] Modes=[ModeList]
[39] Keys=[o] Modes=[ModeList]
[40] Keys=[j down k up pgdown ctrl+f pgup ctrl+b ctrl+d ctrl+u G g x esc] Modes=[ModeRebuildOutput]
[41] Keys=[q ctrl+c] Modes=[ModeList ModeRebuildOutput ModeDetailModal ModeSidebar ModeTerminateConfirm]
[42] Keys=[?] Modes=[ModeList ModeHelp]
[43] Keys=[esc] Modes=[ModeHelp]
[44] Keys=[d enter t] Modes=[ModeQuitConfirm]
[45] Keys=[backspace runes space] Modes=[ModeFilterEdit]
