========================================
  spindrift
========================================
running 1/3 · waiting 1 · held 1 · settled 1 · failed 1
⚠ image stale: rebuild needed — new launches held; press [b] to rebuild
ℹ notice: a live dogfood loop (.dogfood.pid) is competing for the same queue
backlog [focus]:picks (1-4 of 4):
                  #1  [queued]
                  #2  [held]
                  #3  [settled]
                  #4  [failed]
