+----------------------------------------------------------------------------------------------------------------------------+
|========================================                                                                                    |
|  spindrift                                                                                                                 |
|========================================                                                                                    |
|running 0/0 · waiting 0 · held 0 · settled 0 · failed 0                                                                     |
+----------------------------------------------------------------------------------------------------------------------------+
[1] Backlog [2] Running(0) [3] Held(0) [4] Settled(0) [5] Failed(0) [H/L,1-5]
+--------------------------------------------------------------------------------++------------------------------------------+
|  #  [labels] (1-1 of 1)                                                        ||activity #42 [follow]                     |
|> #1 [bug]                                                                      ||#42 · hi                                  |
|  still visible                                                                 ||[t] cycle ·[h] list ·[x] close ·[z] zoom  |
+--------------------------------------------------------------------------------++------------------------------------------+